debug(parser): Compiling func $_start
debug(parser): start params
debug(parser): end params
debug(parser): start instructions
debug(parser): end instructions
debug(parser): Compiling func $event_loop
debug(parser): start params
debug(parser): found param '$ui'
debug(parser): found param '$state'
debug(parser): found param '$lhs'
debug(parser): found param '$op'
debug(parser): found param '$new'
debug(parser): end params
debug(parser): start instructions
debug(parser): end instructions
debug: Process <0:2> Blocked (Reason: 0).
MESA-INTEL: warning: ../src/intel/vulkan/anv_formats.c:981: FINISHME: support more multi-planar formats with DRM modifiers
MESA-INTEL: warning: ../src/intel/vulkan/anv_formats.c:949: FINISHME: support YUV colorspace with DRM format modifiers
debug: Process <0:2> Terminated normally.
thread 93323 panic: incorrect alignment
/nix/store/9zyky24fffkbhnkmjcnrjcl3dmvx6w9x-zig-0.16.0/lib/std/hash_map.zig:784:44: 0x121b0f3 in header (std.zig)
            return @ptrCast(@as([*]Header, @ptrCast(@alignCast(self.metadata.?))) - 1);
                                           ^
/nix/store/9zyky24fffkbhnkmjcnrjcl3dmvx6w9x-zig-0.16.0/lib/std/hash_map.zig:798:31: 0x122b314 in capacity (std.zig)
            return self.header().capacity;
                              ^
/nix/store/9zyky24fffkbhnkmjcnrjcl3dmvx6w9x-zig-0.16.0/lib/std/hash_map.zig:977:39: 0x121b2d6 in getIndex__anon_38028 (std.zig)
            const mask = self.capacity() - 1;
                                      ^
/nix/store/9zyky24fffkbhnkmjcnrjcl3dmvx6w9x-zig-0.16.0/lib/std/hash_map.zig:1088:30: 0x1230d31 in getAdapted__anon_39305 (std.zig)
            if (self.getIndex(key, ctx)) |idx| {
                             ^
/nix/store/9zyky24fffkbhnkmjcnrjcl3dmvx6w9x-zig-0.16.0/lib/std/hash_map.zig:1085:35: 0x1230c21 in getContext (std.zig)
            return self.getAdapted(key, ctx);
                                  ^
/nix/store/9zyky24fffkbhnkmjcnrjcl3dmvx6w9x-zig-0.16.0/lib/std/hash_map.zig:368:45: 0x1230b0a in get (std.zig)
            return self.unmanaged.getContext(key, self.ctx);
                                            ^
/home/wydra/Documents/rx/rx/src/vm/scheduler.zig:139:47: 0x122b9c4 in send (root.zig)
        const receiver_opt = self.registry.get(target);
                                              ^
/home/wydra/Documents/rx/rx/src/api.zig:125:15: 0x12937ef in rx_port_send_external (root.zig)
    sched.send(ActorId.fromInt(target_id), msg);
              ^
/home/wydra/Documents/rx/ports/ui/src/main.zig:66:33: 0x71e4f0c3f76c in gtk_thread_main (main.zig)
        rx.rx_port_send_external(ctx.sched, target_actor, msg);
                                ^
/nix/store/9zyky24fffkbhnkmjcnrjcl3dmvx6w9x-zig-0.16.0/lib/std/Thread.zig:422:13: 0x71e4f0c3f555 in callFn__anon_35691 (std.zig)
            @call(.auto, f, args);
            ^
/nix/store/9zyky24fffkbhnkmjcnrjcl3dmvx6w9x-zig-0.16.0/lib/std/Thread.zig:752:30: 0x71e4f0c3f2d9 in entryFn (std.zig)
                return callFn(f, args_ptr.*);
                             ^
???:?:?: 0x71e4f1233979 in start_thread (/nix/store/pdwlyjkmc6icc0wb5gaw08m9ynqrg683-glibc-2.40-218/lib/libc.so.6)
???:?:?: 0x71e4f12bbd2b in __clone3 (/nix/store/pdwlyjkmc6icc0wb5gaw08m9ynqrg683-glibc-2.40-218/lib/libc.so.6)
run-rxt
+- run exe rxt failure
error: process terminated with signal ABRT
failed command: ./.zig-cache/o/5133905709d20674d6be6cc7f915985f/rxt --plugins ports/ui/zig-out/lib/librxi_ui.so calc.rxt

Build Summary: 1/3 steps succeeded (1 failed)
run-rxt transitive failure
+- run exe rxt failure

error: the following build command failed with exit code 1:
.zig-cache/o/d34656a661fc2b25400546877235589a/build /nix/store/9zyky24fffkbhnkmjcnrjcl3dmvx6w9x-zig-0.16.0/bin/zig /nix/store/9zyky24fffkbhnkmjcnrjcl3dmvx6w9x-zig-0.16.0/lib /home/wydra/Documents/rx .zig-cache /home/wydra/.cache/zig --seed 0x233eb913 -Z8fb641038a225748 run-rxt -- --plugins ports/ui/zig-out/lib/librxi_ui.so calc.rxt
